src/application/use-cases/receipt-tickets/add-receipt-line.use-case.spec.ts(80,15): error TS2554: Expected 4 arguments, but got 2.
src/application/use-cases/receipt-tickets/add-receipt-line.use-case.spec.ts(97,15): error TS2554: Expected 4 arguments, but got 2.
src/application/use-cases/receipt-tickets/add-receipt-line.use-case.spec.ts(115,15): error TS2554: Expected 4 arguments, but got 2.
src/application/use-cases/receipt-tickets/add-receipt-line.use-case.spec.ts(139,15): error TS2554: Expected 4 arguments, but got 2.
src/application/use-cases/receipt-tickets/add-receipt-line.use-case.spec.ts(181,34): error TS2554: Expected 4 arguments, but got 2.
src/application/use-cases/receipt-tickets/add-receipt-line.use-case.spec.ts(229,34): error TS2554: Expected 4 arguments, but got 2.
src/application/use-cases/receipt-tickets/add-receipt-line.use-case.spec.ts(274,34): error TS2554: Expected 4 arguments, but got 2.
src/application/use-cases/receipt-tickets/delete-receipt-line.use-case.spec.ts(42,26): error TS2554: Expected 4 arguments, but got 3.
src/application/use-cases/receipt-tickets/delete-receipt-line.use-case.spec.ts(55,26): error TS2554: Expected 4 arguments, but got 3.
src/application/use-cases/receipt-tickets/delete-receipt-line.use-case.spec.ts(77,26): error TS2554: Expected 4 arguments, but got 3.
src/application/use-cases/receipt-tickets/delete-receipt-line.use-case.spec.ts(88,26): error TS2554: Expected 4 arguments, but got 3.
src/application/use-cases/receipt-tickets/delete-receipt-line.use-case.spec.ts(107,26): error TS2554: Expected 4 arguments, but got 3.
src/application/use-cases/receipt-tickets/delete-receipt-line.use-case.spec.ts(126,19): error TS2554: Expected 4 arguments, but got 3.
src/application/use-cases/receipt-tickets/update-receipt-line.use-case.spec.ts(76,15): error TS2554: Expected 5 arguments, but got 4.
src/application/use-cases/receipt-tickets/update-receipt-line.use-case.spec.ts(89,15): error TS2554: Expected 5 arguments, but got 4.
src/application/use-cases/receipt-tickets/update-receipt-line.use-case.spec.ts(120,15): error TS2554: Expected 5 arguments, but got 4.
src/application/use-cases/receipt-tickets/update-receipt-line.use-case.spec.ts(131,15): error TS2554: Expected 5 arguments, but got 4.
src/application/use-cases/receipt-tickets/update-receipt-line.use-case.spec.ts(150,15): error TS2554: Expected 5 arguments, but got 4.
src/application/use-cases/receipt-tickets/update-receipt-line.use-case.spec.ts(183,34): error TS2554: Expected 5 arguments, but got 4.
src/application/use-cases/receipt-tickets/update-receipt-line.use-case.spec.ts(223,34): error TS2554: Expected 5 arguments, but got 4.
src/presentation/controllers/receipt-tickets.controller.spec.ts(207,39): error TS2554: Expected 3 arguments, but got 2.
